// Jest Snapshot v1, https://goo.gl/fbAQLP

exports[`App component renders App 1`] = `
<Fragment>
  <Landing />
  <TrendTriCountyTotals
    updated="loading"
  />
  <DailyCountAge
    updated="loading"
  />
  <DailyCountAgency
    updated="loading"
  />
  <DailyCountFacility
    updated="loading"
  />
  <DailyCountRace
    updated="loading"
  />
  <DailyAverageDetentionByRace
    updated="loading"
  />
  <DailyCountChargeSev
    updated="loading"
  />
  <DailyCountChargeDesc
    updated="loading"
  />
  <Footer />
</Fragment>
`;
